{
    "Should run without failures": {
        "content": [
            {
                "0": [
                    "variation_coefficients.csv:md5,dd0954838e602d495590f816412ab8e8"
                ],
                "1": [
                    [
                        "VARIATION_COEFFICIENT",
                        "R",
                        "[1] \"R version 4.3.3 (2024-02-29)\""
                    ]
                ],
                "csv": [
                    "variation_coefficients.csv:md5,dd0954838e602d495590f816412ab8e8"
                ]
            }
        ],
        "meta": {
            "nf-test": "0.9.0",
            "nextflow": "24.04.4"
        },
        "timestamp": "2024-11-02T11:44:16.501321914"
    }
}