{
    "Should run without failures": {
        "content": [
            {
                "0": [
                    "all_counts_normalized.csv:md5,3c200b43c176dbfead8e5595c9135801"
                ],
                "1": [
                    [
                        "EDGER_NORMALIZE",
                        "R",
                        "[1] \"R version 4.3.3 (2024-02-29)\""
                    ]
                ],
                "2": [
                    [
                        "EDGER_NORMALIZE",
                        "edgeR",
                        "[1] \u20184.0.16\u2019"
                    ]
                ],
                "csv": [
                    "all_counts_normalized.csv:md5,3c200b43c176dbfead8e5595c9135801"
                ]
            }
        ],
        "meta": {
            "nf-test": "0.9.0",
            "nextflow": "24.04.4"
        },
        "timestamp": "2024-11-02T11:08:51.107154688"
    }
}